install
+- install vulkan-ed
   +- compile exe vulkan-ed Debug native 1 errors
src/ui/markdown_view.zig:54:14: error: no field named 'scroll' in struct 'root.ElementDeclaration'
            .scroll = .{ .vertical = true },
             ^~~~~~
libs/clay-zig/src/root.zig:742:39: note: struct declared here
pub const ElementDeclaration = extern struct {
                               ~~~~~~~^~~~~~
referenced by:
    renderExample: src/ui/mod.zig:657:45
    main: src/main.zig:358:54
    4 reference(s) hidden; use '-freference-trace=6' to see all references
error: the following command failed with 1 compilation errors:
/usr/bin/zig build-exe -lwayland-client -lm -lwayland-egl -lwayland-client -lm -lxkbcommon -I/usr/include/libdecor-0 -ldecor-0 -lEGL -lvulkan -I/usr/include/freetype2 -I/usr/include/libpng16 -DWITH_GZFILEOP -I/usr/include/harfbuzz -I/usr/include/glib-2.0 -I/usr/lib64/glib-2.0/include -I/usr/include/sysprof-6 -lfreetype -I/usr/include/harfbuzz -I/usr/include/freetype2 -I/usr/include/libpng16 -DWITH_GZFILEOP -I/usr/include/glib-2.0 -I/usr/lib64/glib-2.0/include -I/usr/include/sysprof-6 -lharfbuzz -I/usr/include/libpng16 -DWITH_GZFILEOP -lpng16 -lmupdf -cflags -std=c99 -w -- /home/g/projects/vulkan-ed/src/rendering/mupdf_wrapper/fitz-z.c -ODebug -I /home/g/projects/vulkan-ed/src/rendering/mupdf_wrapper --dep clay --dep wio --dep wgpu --dep zigimg --dep zigjr --dep flow_core --dep syntax --dep nanosvg --dep zigdown --dep ghostty-vt -Mroot=/home/g/projects/vulkan-ed/src/main.zig .zig-cache/o/b23ca94753045c273611786f1ed73d38/libclay.a -ODebug -I .zig-cache/o/a6fb089e932f705ef1065695b36c6e90 -Mclay=/home/g/projects/vulkan-ed/libs/clay-zig/src/root.zig -cflags -- /home/g/projects/vulkan-ed/libs/wio/src/unix/wayland.c -ODebug -I /home/g/.cache/zig/p/wio_unix_headers-0.0.0-seffXJKGPgDeI78u4wx_Tk2ZfniEQqj6W5zFVLj8tSbi/. -DWIO_VULKAN= --dep build_options -Mwio=/home/g/projects/vulkan-ed/libs/wio/src/wio.zig /home/g/.cache/zig/p/N-V-__8AAJLttgMT05WocIA-7lzJ0aXNv39ddKg-uX_jpWd6/lib/libwgpu_native.a -ODebug -Mwgpu=/home/g/projects/vulkan-ed/libs/wgpu_native_zig/src/root.zig -ODebug --dep zigimg -Mzigimg=/home/g/projects/vulkan-ed/libs/zigimg/zigimg.zig -fno-strip -ODebug -Mzigjr=/home/g/projects/vulkan-ed/libs/zigjr/src/zigjr.zig --dep cbor --dep TypedInt --dep file_type_config --dep buffer --dep diff --dep snippet --dep keybind --dep syntax -Mflow_core=/home/g/projects/vulkan-ed/libs/flow-core/src/root.zig --dep build_options=build_options0 --dep cbor=cbor0 --dep treez --dep syntax_bin_queries -Msyntax=/home/g/.cache/zig/p/flow_syntax-0.7.2-X8jOoaFbAQBEZWaLbtlj9C8N4zRkNSG2Nq_T40pXRypr/src/syntax.zig -cflags -Wall -- -x c .zig-cache/o/452ba1d949c407e16a8994a2c502ed2d/c.c -x none -ODebug -I /home/g/.cache/zig/p/N-V-__8AAM9aBwDoGx5rUh7sbYK1aEo56Hd_j4QBECn3Aw-s/src -I /home/g/projects/vulkan-ed/libs/nanosvg-zig/src -Mnanosvg=/home/g/projects/vulkan-ed/libs/nanosvg-zig/src/root.zig -ODebug --dep config --dep assets --dep stb_image --dep plutosvg --dep flags --dep treez=treez0 --dep known-folders -Mzigdown=/home/g/projects/vulkan-ed/libs/zigdown/src/lib/zigdown.zig -ODebug --dep build_options=build_options1 --dep terminal_options --dep unicode_tables --dep symbols_tables --dep uucode -Mghostty-vt=/home/g/projects/vulkan-ed/reference/ghostty/src/lib_vt.zig -Mbuild_options=.zig-cache/c/bf7bcf128be11d2202663c2a8490afa8/options.zig -Mcbor=/home/g/.cache/zig/p/cbor-1.0.0-RcQE_HwwAQAiNkKC9ezLxHUMkWgHeVa3QyTfv4hi3VZR/src/cbor.zig --dep cbor -MTypedInt=/home/g/projects/vulkan-ed/libs/flow-core/src/TypedInt.zig --dep syntax -Mfile_type_config=/home/g/projects/vulkan-ed/libs/flow-core/src/file_type_config.zig --dep cbor --dep TypedInt --dep file_type_config -Mbuffer=/home/g/projects/vulkan-ed/libs/flow-core/src/buffer/Buffer.zig -Mdiff=/home/g/projects/vulkan-ed/libs/flow-core/src/diff.zig -Msnippet=/home/g/projects/vulkan-ed/libs/flow-core/src/snippet.zig --dep input -Mkeybind=/home/g/projects/vulkan-ed/libs/flow-core/src/keybind/mod.zig -Mbuild_options0=.zig-cache/c/24288973f0e4d81ca16b1b3f204ba2be/options.zig -Mcbor0=/home/g/.cache/zig/p/cbor-1.0.0-RcQE_AswAQAPlqBCZXYQf9DZXn-0Ubt8Mk03ZcJWcsAG/src/cbor.zig .zig-cache/o/078da377b2a08a94ed1baad620d8bd18/libtree-sitter.a -I .zig-cache/o/8417068170ef5954666fc859e0519a39 -Mtreez=/home/g/.cache/zig/p/tree_sitter-0.26.7-z0LhyJOPZzF4S6ZW6MrFTfJgiM9Fp81hqKrXUKSBaUAc/treez/treez.zig -Msyntax_bin_queries=.zig-cache/o/0eaa8c26cdc4a38f9c1f8f0a5952434b/bin_queries.cbor -Mconfig=.zig-cache/c/dee1ecd40d80e5abb7027ea636f121d1/options.zig -ODebug -I /home/g/projects/vulkan-ed/libs/zigdown/assets --dep config=config0 --dep treez=treez0 -Massets=/home/g/projects/vulkan-ed/libs/zigdown/src/assets/assets.zig -cflags -fPIC -- /home/g/.cache/zig/p/zig_stb_image-2.28.0-2-9dD1dfoYBQCzF7IA9_-tSbsF1PgN7HGfzDzGVRG2BoUY/src/stb_image.c -ODebug -I /home/g/.cache/zig/p/zig_stb_image-2.28.0-2-9dD1dfoYBQCzF7IA9_-tSbsF1PgN7HGfzDzGVRG2BoUY/include -Mstb_image=/home/g/.cache/zig/p/zig_stb_image-2.28.0-2-9dD1dfoYBQCzF7IA9_-tSbsF1PgN7HGfzDzGVRG2BoUY/src/stb_image.zig .zig-cache/o/bf820fa611a28e3ff5dd271b9d9d12b4/libplutovg.a .zig-cache/o/4778d6e8d48a486a1f3c49c968331871/libplutosvg.a -ODebug -I .zig-cache/o/822d19e861b14f2cf12a17ce598f4bd5 -I .zig-cache/o/d7447ce1f339b8ac29b6cdb971a1e35c -Mplutosvg=/home/g/.cache/zig/p/plutosvg-0.0.6-1-LyMxgYguAABq-4Xf7BWKdsl27x3fq5EUgsYS1LmGq9bW/lib/plutosvg.zig -ODebug -Mflags=/home/g/.cache/zig/p/flags-0.11.0-a_9h3gR2AACtwEzEcKhIsYPEgNPbBeGYKhbYL4lsmJ1N/src/flags.zig .zig-cache/o/e98f72f572d42cce0cb230af76289f4b/libtree-sitter.a -ODebug -I .zig-cache/o/4361b66b8e989f0928203df0fd801d1f -Mtreez0=/home/g/.cache/zig/p/treez-0.2.0-4JX9hV6mAAA-T-vae75m4eZSgIxKsv6uUae21-Dzhh8l/treez.zig -ODebug -Mknown-folders=/home/g/.cache/zig/p/known_folders-0.0.0-Fy-PJtTTAADUOhGKM0sxzG4eMkNQxRvx9e5dfHVyaeA3/known-folders.zig -Mbuild_options1=.zig-cache/c/ae3bc34f69a8ba0b5a51a8bdb78e420c/options.zig -Mterminal_options=.zig-cache/c/d3171d21d5b81a08910a07f022b877dd/options.zig -Municode_tables=.zig-cache/o/b8a0c063bc36ca622a0b8f6d79b98362/props.zig -Msymbols_tables=.zig-cache/o/b8a0c063bc36ca622a0b8f6d79b98362/symbols.zig -ODebug --dep types.zig --dep config.zig --dep types.x.zig --dep tables --dep get.zig -Muucode=/home/g/.cache/zig/p/uucode-0.2.0-ZZjBPqZVVABQepOqZHR7vV_NcaN-wats0IB6o-Exj6m9/src/root.zig -Minput=/home/g/projects/vulkan-ed/libs/flow-core/src/keybind/input.zig -Mconfig0=.zig-cache/c/ecb73d8e5b4867306908ef5705020847/options.zig -ODebug --dep config.zig --dep get.zig -Mtypes.zig=/home/g/.cache/zig/p/uucode-0.2.0-ZZjBPqZVVABQepOqZHR7vV_NcaN-wats0IB6o-Exj6m9/src/types.zig -ODebug --dep types.zig -Mconfig.zig=/home/g/.cache/zig/p/uucode-0.2.0-ZZjBPqZVVABQepOqZHR7vV_NcaN-wats0IB6o-Exj6m9/src/config.zig -ODebug --dep config.x.zig -Mtypes.x.zig=/home/g/.cache/zig/p/uucode-0.2.0-ZZjBPqZVVABQepOqZHR7vV_NcaN-wats0IB6o-Exj6m9/src/x/types.x.zig -ODebug --dep types.zig --dep types.x.zig --dep config.zig --dep build_config -Mtables=.zig-cache/o/8c12e4d6cac4d189d0fab5256d67f5a9/tables.zig -ODebug --dep types.zig --dep tables -Mget.zig=/home/g/.cache/zig/p/uucode-0.2.0-ZZjBPqZVVABQepOqZHR7vV_NcaN-wats0IB6o-Exj6m9/src/get.zig -ODebug --dep types.x.zig --dep types.zig --dep config.zig -Mconfig.x.zig=/home/g/.cache/zig/p/uucode-0.2.0-ZZjBPqZVVABQepOqZHR7vV_NcaN-wats0IB6o-Exj6m9/src/x/config.x.zig --dep types.zig --dep config.zig --dep types.x.zig --dep config.x.zig -Mbuild_config=/home/g/projects/vulkan-ed/reference/ghostty/src/build/uucode_config.zig .zig-cache/o/bf820fa611a28e3ff5dd271b9d9d12b4/libplutovg.a -lc++ -lc --cache-dir .zig-cache --global-cache-dir /home/g/.cache/zig --name vulkan-ed --zig-lib-dir /usr/lib/zig/ --listen=-

Build Summary: 644/647 steps succeeded; 1 failed
install transitive failure
+- install vulkan-ed transitive failure
   +- compile exe vulkan-ed Debug native 1 errors

error: the following build command failed with exit code 1:
.zig-cache/o/0fa02a6c34f06e13e44aa5b803077601/build /usr/bin/zig /usr/lib/zig /home/g/projects/vulkan-ed .zig-cache /home/g/.cache/zig --seed 0xedd64bd -Z23bfdc05b0795d4a
